******************************************************************************
                  MSP430 Linker PC v4.4.5                      
******************************************************************************
>> Linked Thu Oct 14 21:17:45 2021

OUTPUT FILE NAME:   <RT_FinProj_Part1_HadadYanousYazdiKaduri.out>
ENTRY POINT SYMBOL: "_c_int00_noargs_noexit"  address: 00004400


MEMORY CONFIGURATION

         name            origin    length      used     unused   attr    fill
----------------------  --------  ---------  --------  --------  ----  --------
  SFR                   00000000   00000010  00000000  00000010  RWIX
  PERIPHERALS_8BIT      00000010   000000f0  00000000  000000f0  RWIX
  PERIPHERALS_16BIT     00000100   00000100  00000000  00000100  RWIX
  INFOD                 00001800   00000080  00000000  00000080  RWIX
  INFOC                 00001880   00000080  00000000  00000080  RWIX
  INFOB                 00001900   00000080  00000000  00000080  RWIX
  INFOA                 00001980   00000080  00000000  00000080  RWIX
  USBRAM                00001c00   00000800  00000000  00000800  RWIX
  RAM                   00002400   00002000  00001ed8  00000128  RWIX
  FLASH                 00004400   0000bb80  00000070  0000bb10  RWIX
  INT00                 0000ff80   00000002  00000000  00000002  RWIX
  INT01                 0000ff82   00000002  00000000  00000002  RWIX
  INT02                 0000ff84   00000002  00000000  00000002  RWIX
  INT03                 0000ff86   00000002  00000000  00000002  RWIX
  INT04                 0000ff88   00000002  00000000  00000002  RWIX
  INT05                 0000ff8a   00000002  00000000  00000002  RWIX
  INT06                 0000ff8c   00000002  00000000  00000002  RWIX
  INT07                 0000ff8e   00000002  00000000  00000002  RWIX
  INT08                 0000ff90   00000002  00000000  00000002  RWIX
  INT09                 0000ff92   00000002  00000000  00000002  RWIX
  INT10                 0000ff94   00000002  00000000  00000002  RWIX
  INT11                 0000ff96   00000002  00000000  00000002  RWIX
  INT12                 0000ff98   00000002  00000000  00000002  RWIX
  INT13                 0000ff9a   00000002  00000000  00000002  RWIX
  INT14                 0000ff9c   00000002  00000000  00000002  RWIX
  INT15                 0000ff9e   00000002  00000000  00000002  RWIX
  INT16                 0000ffa0   00000002  00000000  00000002  RWIX
  INT17                 0000ffa2   00000002  00000000  00000002  RWIX
  INT18                 0000ffa4   00000002  00000000  00000002  RWIX
  INT19                 0000ffa6   00000002  00000000  00000002  RWIX
  INT20                 0000ffa8   00000002  00000000  00000002  RWIX
  INT21                 0000ffaa   00000002  00000000  00000002  RWIX
  INT22                 0000ffac   00000002  00000000  00000002  RWIX
  INT23                 0000ffae   00000002  00000000  00000002  RWIX
  INT24                 0000ffb0   00000002  00000000  00000002  RWIX
  INT25                 0000ffb2   00000002  00000000  00000002  RWIX
  INT26                 0000ffb4   00000002  00000000  00000002  RWIX
  INT27                 0000ffb6   00000002  00000000  00000002  RWIX
  INT28                 0000ffb8   00000002  00000000  00000002  RWIX
  INT29                 0000ffba   00000002  00000000  00000002  RWIX
  INT30                 0000ffbc   00000002  00000000  00000002  RWIX
  INT31                 0000ffbe   00000002  00000000  00000002  RWIX
  INT32                 0000ffc0   00000002  00000000  00000002  RWIX
  INT33                 0000ffc2   00000002  00000000  00000002  RWIX
  INT34                 0000ffc4   00000002  00000000  00000002  RWIX
  INT35                 0000ffc6   00000002  00000000  00000002  RWIX
  INT36                 0000ffc8   00000002  00000000  00000002  RWIX
  INT37                 0000ffca   00000002  00000000  00000002  RWIX
  INT38                 0000ffcc   00000002  00000000  00000002  RWIX
  INT39                 0000ffce   00000002  00000000  00000002  RWIX
  INT40                 0000ffd0   00000002  00000000  00000002  RWIX
  INT41                 0000ffd2   00000002  00000002  00000000  RWIX
  INT42                 0000ffd4   00000002  00000002  00000000  RWIX
  INT43                 0000ffd6   00000002  00000002  00000000  RWIX
  INT44                 0000ffd8   00000002  00000002  00000000  RWIX
  INT45                 0000ffda   00000002  00000002  00000000  RWIX
  INT46                 0000ffdc   00000002  00000002  00000000  RWIX
  INT47                 0000ffde   00000002  00000002  00000000  RWIX
  INT48                 0000ffe0   00000002  00000002  00000000  RWIX
  INT49                 0000ffe2   00000002  00000002  00000000  RWIX
  INT50                 0000ffe4   00000002  00000002  00000000  RWIX
  INT51                 0000ffe6   00000002  00000002  00000000  RWIX
  INT52                 0000ffe8   00000002  00000002  00000000  RWIX
  INT53                 0000ffea   00000002  00000002  00000000  RWIX
  INT54                 0000ffec   00000002  00000002  00000000  RWIX
  INT55                 0000ffee   00000002  00000002  00000000  RWIX
  INT56                 0000fff0   00000002  00000002  00000000  RWIX
  INT57                 0000fff2   00000002  00000002  00000000  RWIX
  INT58                 0000fff4   00000002  00000002  00000000  RWIX
  INT59                 0000fff6   00000002  00000002  00000000  RWIX
  INT60                 0000fff8   00000002  00000002  00000000  RWIX
  INT61                 0000fffa   00000002  00000002  00000000  RWIX
  INT62                 0000fffc   00000002  00000002  00000000  RWIX
  RESET                 0000fffe   00000002  00000002  00000000  RWIX
  FLASH2                00010000   00014400  00009494  0000af6c  RWIX


SECTION ALLOCATION MAP

 output                                  attributes/
section   page    origin      length       input sections
--------  ----  ----------  ----------   ----------------
.bss       0    00002400    00001324     UNINITIALIZED
                  00002400    00000ef0     empty_pe430X.oe430X (.bss:taskStackSection)
                  000032f0    00000008     (.common:parmbuf)
                  000032f8    00000008     --HOLE--
                  00003300    00000100     (.common:ti_uia_loggers_LoggerStopMode_Instance_State_1_packetArray__A)
                  00003400    00000100     (.common:ti_uia_loggers_LoggerStopMode_Instance_State_2_packetArray__A)
                  00003500    00000080     (.common:ti_uia_loggers_LoggerStopMode_Instance_State_0_packetArray__A)
                  00003580    00000080     (.common:xdc_runtime_SysMin_Module_State_0_outbuf__A)
                  00003600    00000024     (.common:ti_uia_loggers_LoggerStopMode_Instance_State_0_hdr__A)
                  00003624    00000014     (.common:buffer)
                  00003638    00000048     --HOLE--
                  00003680    00000024     (.common:ti_uia_loggers_LoggerStopMode_Instance_State_1_hdr__A)
                  000036a4    0000005c     --HOLE--
                  00003700    00000024     (.common:ti_uia_loggers_LoggerStopMode_Instance_State_2_hdr__A)

.data      0    00003724    00000694     UNINITIALIZED
                  00003724    000001fc     empty_pe430X.oe430X (.data)
                  00003920    00000174     empty_pe430X.oe430X (.data:ti_sysbios_knl_Task_Object__table__V)
                  00003a94    0000008a     empty_pe430X.oe430X (.data:ti_uia_loggers_LoggerStopMode_Object__table__V)
                  00003b1e    00000080     empty_pe430X.oe430X (.data:ti_sysbios_knl_Swi_Module_State_0_readyQ__A)
                  00003b9e    00000080     empty_pe430X.oe430X (.data:ti_sysbios_knl_Task_Module_State_0_readyQ__A)
                  00003c1e    0000005a     empty_pe430X.oe430X (.data:ti_sysbios_knl_Semaphore_Object__table__V)
                  00003c78    00000036     empty_pe430X.oe430X (.data:ti_sysbios_family_msp430_Timer_Object__table__V)
                  00003cae    00000034     empty_pe430X.oe430X (.data:ti_sysbios_gates_GateMutex_Object__table__V)
                  00003ce2    00000026     empty_pe430X.oe430X (.data:ti_sysbios_knl_Swi_Object__table__V)
                  00003d08    00000020     empty_pe430X.oe430X (.data:xdc_runtime_System_Module_State_0_atexitHandlers__A)
                  00003d28    0000001e     empty_pe430X.oe430X (.data:ti_sysbios_knl_Clock_Object__table__V)
                  00003d46    00000018     empty_pe430X.oe430X (.data:ti_sysbios_family_msp430_Timer_Module_State_0_device__A)
                  00003d5e    00000010     empty_pe430X.oe430X (.data:ti_sysbios_family_msp430_Timer_Module_State_0_handles__A)
                  00003d6e    0000000e     empty_pe430X.oe430X (.data:ti_sysbios_family_msp430_Hwi_Object__table__V)
                  00003d7c    0000000c     empty_pe430X.oe430X (.data:xdc_runtime_HeapStd_Object__table__V)
                  00003d88    00000006     main.obj (.data)
                  00003d8e    00000006     ti.uia.runtime.ae430X : QueueDescriptor.oe430X (.data)
                  00003d94    00000004     boot.ae430X : boot.oe430X (.data:__TI_cleanup_ptr)
                  00003d98    00000004                 : boot.oe430X (.data:__TI_dtors_ptr)
                  00003d9c    00000004     rts430x_lc_rd_eabi.lib : _lock.obj (.data:_lock)
                  00003da0    00000004                            : _lock.obj (.data:_unlock)
                  00003da4    00000004                            : rand.obj (.data)
                  00003da8    00000004     empty_pe430X.oe430X (.data:ti_sysbios_gates_GateHwi_Object__table__V)
                  00003dac    00000004     empty_pe430X.oe430X (.data:ti_sysbios_knl_Task_Module_State_0_idleTask__A)
                  00003db0    00000004     empty_pe430X.oe430X (.data:ti_sysbios_utils_Load_Module_State_0_runningTask__A)
                  00003db4    00000004     empty_pe430X.oe430X (.data:ti_sysbios_utils_Load_Module_State_0_taskStartTime__A)

.cio       0    00003db8    00000120     UNINITIALIZED
                  00003db8    00000120     rts430x_lc_rd_eabi.lib : trgmsg.obj (.cio)

.stack     0    00004000    00000400     UNINITIALIZED
                  00004000    00000004     boot.ae430X : boot.oe430X (.stack)
                  00004004    000003fc     --HOLE--

.text:_isr 
*          0    00004400    00000070     
                  00004400    00000026     boot.ae430X : boot_special.oe430X (.text:_isr:_c_int00_noargs_noexit)
                  00004426    00000020     sysbios.ae430X : BIOS.obj (.text:_isr:ti_sysbios_family_msp430_Hwi53)
                  00004446    00000002                    : BIOS.obj (.text:_isr:ti_sysbios_family_msp430_Hwi41)
                  00004448    00000002                    : BIOS.obj (.text:_isr:ti_sysbios_family_msp430_Hwi42)
                  0000444a    00000002                    : BIOS.obj (.text:_isr:ti_sysbios_family_msp430_Hwi43)
                  0000444c    00000002                    : BIOS.obj (.text:_isr:ti_sysbios_family_msp430_Hwi44)
                  0000444e    00000002                    : BIOS.obj (.text:_isr:ti_sysbios_family_msp430_Hwi45)
                  00004450    00000002                    : BIOS.obj (.text:_isr:ti_sysbios_family_msp430_Hwi46)
                  00004452    00000002                    : BIOS.obj (.text:_isr:ti_sysbios_family_msp430_Hwi47)
                  00004454    00000002                    : BIOS.obj (.text:_isr:ti_sysbios_family_msp430_Hwi48)
                  00004456    00000002                    : BIOS.obj (.text:_isr:ti_sysbios_family_msp430_Hwi49)
                  00004458    00000002                    : BIOS.obj (.text:_isr:ti_sysbios_family_msp430_Hwi50)
                  0000445a    00000002                    : BIOS.obj (.text:_isr:ti_sysbios_family_msp430_Hwi51)
                  0000445c    00000002                    : BIOS.obj (.text:_isr:ti_sysbios_family_msp430_Hwi52)
                  0000445e    00000002                    : BIOS.obj (.text:_isr:ti_sysbios_family_msp430_Hwi54)
                  00004460    00000002                    : BIOS.obj (.text:_isr:ti_sysbios_family_msp430_Hwi55)
                  00004462    00000002                    : BIOS.obj (.text:_isr:ti_sysbios_family_msp430_Hwi56)
                  00004464    00000002                    : BIOS.obj (.text:_isr:ti_sysbios_family_msp430_Hwi57)
                  00004466    00000002                    : BIOS.obj (.text:_isr:ti_sysbios_family_msp430_Hwi58)
                  00004468    00000002                    : BIOS.obj (.text:_isr:ti_sysbios_family_msp430_Hwi59)
                  0000446a    00000002                    : BIOS.obj (.text:_isr:ti_sysbios_family_msp430_Hwi60)
                  0000446c    00000002                    : BIOS.obj (.text:_isr:ti_sysbios_family_msp430_Hwi61)
                  0000446e    00000002                    : BIOS.obj (.text:_isr:ti_sysbios_family_msp430_Hwi62)

.const     0    0001695e    000026ba     
                  0001695e    00001d87     empty_pe430X.oe430X (.const:xdc_runtime_Text_charTab__A)
                  000186e5    00000001     --HOLE-- [fill = 0]
                  000186e6    0000024c     main.obj (.const:.string)
                  00018932    000000e8     empty_pe430X.oe430X (.const:xdc_runtime_Text_nodeTab__A)
                  00018a1a    0000005e     empty_pe430X.oe430X (.const:ti_uia_loggers_LoggerStopMode_Module__FXNS__C)
                  00018a78    00000058     ti.targets.msp430.rts430.ae430X : Error.oe430X (.const:.string)
                  00018ad0    00000046     empty_pe430X.oe430X (.const:.string)
                  00018b16    00000044     ti.targets.msp430.rts430.ae430X : Text.oe430X (.const:.string)
                  00018b5a    0000002c     empty_pe430X.oe430X (.const)
                  00018b86    0000002a     ti.targets.msp430.rts430.ae430X : Startup.oe430X (.const:.string)
                  00018bb0    00000028     empty_pe430X.oe430X (.const:xdc_runtime_Startup_sfxnTab__A)
                  00018bd8    00000026     empty_pe430X.oe430X (.const:xdc_runtime_HeapStd_Module__FXNS__C)
                  00018bfe    00000022     empty_pe430X.oe430X (.const:ti_sysbios_gates_GateHwi_Module__FXNS__C)
                  00018c20    00000022     empty_pe430X.oe430X (.const:ti_sysbios_gates_GateMutex_Module__FXNS__C)
                  00018c42    00000020     sysbios.ae430X : BIOS.obj (.const:IntrinsicsSupport_maxbitTable)
                  00018c62    00000020     empty_pe430X.oe430X (.const:ti_uia_loggers_LoggerStopMode_Object__PARAMS__C)
                  00018c82    0000001c     ccs-MSP430F5529.lib : gpio.obj (.const:GPIO_PORT_TO_BASE)
                  00018c9e    0000001c     empty_pe430X.oe430X (.const:ti_sysbios_knl_Semaphore_Object__PARAMS__C)
                  00018cba    00000018     empty_pe430X.oe430X (.const:ti_sysbios_gates_GateHwi_Object__DESC__C)
                  00018cd2    00000018     empty_pe430X.oe430X (.const:ti_sysbios_gates_GateMutex_Object__DESC__C)
                  00018cea    00000018     empty_pe430X.oe430X (.const:ti_sysbios_knl_Queue_Object__DESC__C)
                  00018d02    00000018     empty_pe430X.oe430X (.const:ti_sysbios_knl_Semaphore_Object__DESC__C)
                  00018d1a    00000018     empty_pe430X.oe430X (.const:ti_uia_loggers_LoggerStopMode_Object__DESC__C)
                  00018d32    00000018     empty_pe430X.oe430X (.const:xdc_runtime_HeapStd_Object__DESC__C)
                  00018d4a    00000018     empty_pe430X.oe430X (.const:xdc_runtime_HeapStd_Object__PARAMS__C)
                  00018d62    00000014     empty_pe430X.oe430X (.const:ti_sysbios_gates_GateHwi_Object__PARAMS__C)
                  00018d76    00000014     empty_pe430X.oe430X (.const:ti_sysbios_gates_GateMutex_Object__PARAMS__C)
                  00018d8a    00000014     empty_pe430X.oe430X (.const:ti_sysbios_knl_Queue_Object__PARAMS__C)
                  00018d9e    00000014     empty_pe430X.oe430X (.const:xdc_runtime_Startup_sfxnRts__A)
                  00018db2    00000011     ti.targets.msp430.rts430.ae430X : System.oe430X (.const:.string:digtohex)
                  00018dc3    00000001     --HOLE-- [fill = 0]
                  00018dc4    00000008                                     : System.oe430X (.const:.string)
                  00018dcc    00000008     empty_pe430X.oe430X (.const:ti_sysbios_knl_Idle_funcList__A)
                  00018dd4    00000008     empty_pe430X.oe430X (.const:xdc_runtime_Startup_firstFxns__A)
                  00018ddc    00000006     ti.targets.msp430.rts430.ae430X : Assert.oe430X (.const:.string)
                  00018de2    00000006     empty_pe430X.oe430X (.const:ti_sysbios_family_msp430_Hwi_hooks__C)
                  00018de8    00000006     empty_pe430X.oe430X (.const:ti_sysbios_knl_Idle_funcList__C)
                  00018dee    00000006     empty_pe430X.oe430X (.const:xdc_runtime_Startup_firstFxns__C)
                  00018df4    00000006     empty_pe430X.oe430X (.const:xdc_runtime_Startup_lastFxns__C)
                  00018dfa    00000004     empty_pe430X.oe430X (.const:ti_sysbios_family_msp430_TimestampProvider_Module__diagsEnabled__C)
                  00018dfe    00000004     empty_pe430X.oe430X (.const:ti_sysbios_family_msp430_TimestampProvider_Module__diagsIncluded__C)
                  00018e02    00000004     empty_pe430X.oe430X (.const:ti_sysbios_family_msp430_TimestampProvider_Module__diagsMask__C)
                  00018e06    00000004     empty_pe430X.oe430X (.const:ti_sysbios_gates_GateMutex_A_badContext__C)
                  00018e0a    00000004     empty_pe430X.oe430X (.const:ti_sysbios_gates_GateMutex_Module__diagsEnabled__C)
                  00018e0e    00000004     empty_pe430X.oe430X (.const:ti_sysbios_gates_GateMutex_Module__diagsIncluded__C)
                  00018e12    00000004     empty_pe430X.oe430X (.const:ti_sysbios_gates_GateMutex_Module__diagsMask__C)
                  00018e16    00000004     empty_pe430X.oe430X (.const:ti_sysbios_hal_Hwi_E_stackOverflow__C)
                  00018e1a    00000004     empty_pe430X.oe430X (.const:ti_sysbios_knl_Clock_LM_begin__C)
                  00018e1e    00000004     empty_pe430X.oe430X (.const:ti_sysbios_knl_Clock_LM_tick__C)
                  00018e22    00000004     empty_pe430X.oe430X (.const:ti_sysbios_knl_Clock_LW_delayed__C)
                  00018e26    00000004     empty_pe430X.oe430X (.const:ti_sysbios_knl_Clock_Module__diagsEnabled__C)
                  00018e2a    00000004     empty_pe430X.oe430X (.const:ti_sysbios_knl_Clock_Module__diagsIncluded__C)
                  00018e2e    00000004     empty_pe430X.oe430X (.const:ti_sysbios_knl_Clock_Module__diagsMask__C)
                  00018e32    00000004     empty_pe430X.oe430X (.const:ti_sysbios_knl_Clock_Module__loggerFxn1__C)
                  00018e36    00000004     empty_pe430X.oe430X (.const:ti_sysbios_knl_Clock_Module__loggerFxn2__C)
                  00018e3a    00000004     empty_pe430X.oe430X (.const:ti_sysbios_knl_Clock_Module__loggerObj__C)
                  00018e3e    00000004     empty_pe430X.oe430X (.const:ti_sysbios_knl_Semaphore_A_badContext__C)
                  00018e42    00000004     empty_pe430X.oe430X (.const:ti_sysbios_knl_Semaphore_A_noEvents__C)
                  00018e46    00000004     empty_pe430X.oe430X (.const:ti_sysbios_knl_Semaphore_A_overflow__C)
                  00018e4a    00000004     empty_pe430X.oe430X (.const:ti_sysbios_knl_Semaphore_A_pendTaskDisabled__C)
                  00018e4e    00000004     empty_pe430X.oe430X (.const:ti_sysbios_knl_Semaphore_LM_pend__C)
                  00018e52    00000004     empty_pe430X.oe430X (.const:ti_sysbios_knl_Semaphore_LM_post__C)
                  00018e56    00000004     empty_pe430X.oe430X (.const:ti_sysbios_knl_Semaphore_Module__diagsEnabled__C)
                  00018e5a    00000004     empty_pe430X.oe430X (.const:ti_sysbios_knl_Semaphore_Module__diagsIncluded__C)
                  00018e5e    00000004     empty_pe430X.oe430X (.const:ti_sysbios_knl_Semaphore_Module__diagsMask__C)
                  00018e62    00000004     empty_pe430X.oe430X (.const:ti_sysbios_knl_Semaphore_Module__loggerFxn2__C)
                  00018e66    00000004     empty_pe430X.oe430X (.const:ti_sysbios_knl_Semaphore_Module__loggerFxn4__C)
                  00018e6a    00000004     empty_pe430X.oe430X (.const:ti_sysbios_knl_Semaphore_Module__loggerObj__C)
                  00018e6e    00000004     empty_pe430X.oe430X (.const:ti_sysbios_knl_Swi_LD_end__C)
                  00018e72    00000004     empty_pe430X.oe430X (.const:ti_sysbios_knl_Swi_LM_begin__C)
                  00018e76    00000004     empty_pe430X.oe430X (.const:ti_sysbios_knl_Swi_LM_post__C)
                  00018e7a    00000004     empty_pe430X.oe430X (.const:ti_sysbios_knl_Swi_Module__diagsEnabled__C)
                  00018e7e    00000004     empty_pe430X.oe430X (.const:ti_sysbios_knl_Swi_Module__diagsIncluded__C)
                  00018e82    00000004     empty_pe430X.oe430X (.const:ti_sysbios_knl_Swi_Module__diagsMask__C)
                  00018e86    00000004     empty_pe430X.oe430X (.const:ti_sysbios_knl_Swi_Module__loggerFxn1__C)
                  00018e8a    00000004     empty_pe430X.oe430X (.const:ti_sysbios_knl_Swi_Module__loggerFxn4__C)
                  00018e8e    00000004     empty_pe430X.oe430X (.const:ti_sysbios_knl_Swi_Module__loggerObj__C)
                  00018e92    00000004     empty_pe430X.oe430X (.const:ti_sysbios_knl_Task_E_spOutOfBounds__C)
                  00018e96    00000004     empty_pe430X.oe430X (.const:ti_sysbios_knl_Task_E_stackOverflow__C)
                  00018e9a    00000004     empty_pe430X.oe430X (.const:ti_sysbios_knl_Task_LD_block__C)
                  00018e9e    00000004     empty_pe430X.oe430X (.const:ti_sysbios_knl_Task_LD_exit__C)
                  00018ea2    00000004     empty_pe430X.oe430X (.const:ti_sysbios_knl_Task_LD_ready__C)
                  00018ea6    00000004     empty_pe430X.oe430X (.const:ti_sysbios_knl_Task_LM_switch__C)
                  00018eaa    00000004     empty_pe430X.oe430X (.const:ti_sysbios_knl_Task_LM_yield__C)
                  00018eae    00000004     empty_pe430X.oe430X (.const:ti_sysbios_knl_Task_Module__diagsEnabled__C)
                  00018eb2    00000004     empty_pe430X.oe430X (.const:ti_sysbios_knl_Task_Module__diagsIncluded__C)
                  00018eb6    00000004     empty_pe430X.oe430X (.const:ti_sysbios_knl_Task_Module__diagsMask__C)
                  00018eba    00000004     empty_pe430X.oe430X (.const:ti_sysbios_knl_Task_Module__loggerFxn2__C)
                  00018ebe    00000004     empty_pe430X.oe430X (.const:ti_sysbios_knl_Task_Module__loggerFxn4__C)
                  00018ec2    00000004     empty_pe430X.oe430X (.const:ti_sysbios_knl_Task_Module__loggerObj__C)
                  00018ec6    00000004     empty_pe430X.oe430X (.const:ti_sysbios_knl_Task_allBlockedFunc__C)
                  00018eca    00000004     empty_pe430X.oe430X (.const:ti_sysbios_utils_Load_LS_cpuLoad__C)
                  00018ece    00000004     empty_pe430X.oe430X (.const:ti_sysbios_utils_Load_Module__diagsEnabled__C)
                  00018ed2    00000004     empty_pe430X.oe430X (.const:ti_sysbios_utils_Load_Module__diagsIncluded__C)
                  00018ed6    00000004     empty_pe430X.oe430X (.const:ti_sysbios_utils_Load_Module__diagsMask__C)
                  00018eda    00000004     empty_pe430X.oe430X (.const:ti_sysbios_utils_Load_Module__loggerFxn1__C)
                  00018ede    00000004     empty_pe430X.oe430X (.const:ti_sysbios_utils_Load_Module__loggerObj__C)
                  00018ee2    00000004     empty_pe430X.oe430X (.const:ti_sysbios_utils_Load_postUpdate__C)
                  00018ee6    00000004     empty_pe430X.oe430X (.const:ti_uia_loggers_LoggerStopMode_Module__diagsEnabled__C)
                  00018eea    00000004     empty_pe430X.oe430X (.const:ti_uia_loggers_LoggerStopMode_Module__diagsIncluded__C)
                  00018eee    00000004     empty_pe430X.oe430X (.const:ti_uia_loggers_LoggerStopMode_Module__diagsMask__C)
                  00018ef2    00000004     empty_pe430X.oe430X (.const:ti_uia_runtime_ILoggerSnapshot_Interface__BASE__C)
                  00018ef6    00000004     empty_pe430X.oe430X (.const:ti_uia_runtime_IUIATransfer_Interface__BASE__C)
                  00018efa    00000004     empty_pe430X.oe430X (.const:xdc_runtime_Assert_E_assertFailed__C)
                  00018efe    00000004     empty_pe430X.oe430X (.const:xdc_runtime_Core_A_initializedParams__C)
                  00018f02    00000004     empty_pe430X.oe430X (.const:xdc_runtime_Core_Module__diagsEnabled__C)
                  00018f06    00000004     empty_pe430X.oe430X (.const:xdc_runtime_Core_Module__diagsIncluded__C)
                  00018f0a    00000004     empty_pe430X.oe430X (.const:xdc_runtime_Core_Module__diagsMask__C)
                  00018f0e    00000004     empty_pe430X.oe430X (.const:xdc_runtime_Error_E_memory__C)
                  00018f12    00000004     empty_pe430X.oe430X (.const:xdc_runtime_Error_Module__diagsEnabled__C)
                  00018f16    00000004     empty_pe430X.oe430X (.const:xdc_runtime_Error_Module__diagsIncluded__C)
                  00018f1a    00000004     empty_pe430X.oe430X (.const:xdc_runtime_Error_Module__diagsMask__C)
                  00018f1e    00000004     empty_pe430X.oe430X (.const:xdc_runtime_Error_Module__loggerFxn8__C)
                  00018f22    00000004     empty_pe430X.oe430X (.const:xdc_runtime_Error_Module__loggerObj__C)
                  00018f26    00000004     empty_pe430X.oe430X (.const:xdc_runtime_Error_policyFxn__C)
                  00018f2a    00000004     empty_pe430X.oe430X (.const:xdc_runtime_Error_raiseHook__C)
                  00018f2e    00000004     empty_pe430X.oe430X (.const:xdc_runtime_HeapStd_A_align__C)
                  00018f32    00000004     empty_pe430X.oe430X (.const:xdc_runtime_HeapStd_A_invalidTotalFreeSize__C)
                  00018f36    00000004     empty_pe430X.oe430X (.const:xdc_runtime_HeapStd_A_zeroSize__C)
                  00018f3a    00000004     empty_pe430X.oe430X (.const:xdc_runtime_HeapStd_E_noRTSMemory__C)
                  00018f3e    00000004     empty_pe430X.oe430X (.const:xdc_runtime_HeapStd_Module__diagsEnabled__C)
                  00018f42    00000004     empty_pe430X.oe430X (.const:xdc_runtime_HeapStd_Module__diagsIncluded__C)
                  00018f46    00000004     empty_pe430X.oe430X (.const:xdc_runtime_HeapStd_Module__diagsMask__C)
                  00018f4a    00000004     empty_pe430X.oe430X (.const:xdc_runtime_IFilterLogger_Interface__BASE__C)
                  00018f4e    00000004     empty_pe430X.oe430X (.const:xdc_runtime_IGateProvider_Interface__BASE__C)
                  00018f52    00000004     empty_pe430X.oe430X (.const:xdc_runtime_IHeap_Interface__BASE__C)
                  00018f56    00000004     empty_pe430X.oe430X (.const:xdc_runtime_ILogger_Interface__BASE__C)
                  00018f5a    00000004     empty_pe430X.oe430X (.const:xdc_runtime_IModule_Interface__BASE__C)
                  00018f5e    00000004     empty_pe430X.oe430X (.const:xdc_runtime_Log_L_error__C)
                  00018f62    00000004     empty_pe430X.oe430X (.const:xdc_runtime_Log_L_info__C)
                  00018f66    00000004     empty_pe430X.oe430X (.const:xdc_runtime_Main_Module__diagsEnabled__C)
                  00018f6a    00000004     empty_pe430X.oe430X (.const:xdc_runtime_Main_Module__diagsIncluded__C)
                  00018f6e    00000004     empty_pe430X.oe430X (.const:xdc_runtime_Main_Module__diagsMask__C)
                  00018f72    00000004     empty_pe430X.oe430X (.const:xdc_runtime_Main_Module__loggerFxn4__C)
                  00018f76    00000004     empty_pe430X.oe430X (.const:xdc_runtime_Main_Module__loggerFxn8__C)
                  00018f7a    00000004     empty_pe430X.oe430X (.const:xdc_runtime_Main_Module__loggerObj__C)
                  00018f7e    00000004     empty_pe430X.oe430X (.const:xdc_runtime_Memory_defaultHeapInstance__C)
                  00018f82    00000004     empty_pe430X.oe430X (.const:xdc_runtime_Startup_execImpl__C)
                  00018f86    00000004     empty_pe430X.oe430X (.const:xdc_runtime_Startup_sfxnRts__C)
                  00018f8a    00000004     empty_pe430X.oe430X (.const:xdc_runtime_Startup_sfxnTab__C)
                  00018f8e    00000004     empty_pe430X.oe430X (.const:xdc_runtime_SysMin_outputFunc__C)
                  00018f92    00000004     empty_pe430X.oe430X (.const:xdc_runtime_System_Module__gateObj__C)
                  00018f96    00000004     empty_pe430X.oe430X (.const:xdc_runtime_System_abortFxn__C)
                  00018f9a    00000004     empty_pe430X.oe430X (.const:xdc_runtime_System_exitFxn__C)
                  00018f9e    00000004     empty_pe430X.oe430X (.const:xdc_runtime_System_extendFxn__C)
                  00018fa2    00000004     empty_pe430X.oe430X (.const:xdc_runtime_Text_charTab__C)
                  00018fa6    00000004     empty_pe430X.oe430X (.const:xdc_runtime_Text_nameEmpty__C)
                  00018faa    00000004     empty_pe430X.oe430X (.const:xdc_runtime_Text_nameStatic__C)
                  00018fae    00000004     empty_pe430X.oe430X (.const:xdc_runtime_Text_nameUnknown__C)
                  00018fb2    00000004     empty_pe430X.oe430X (.const:xdc_runtime_Text_nodeTab__C)
                  00018fb6    00000004     empty_pe430X.oe430X (.const:xdc_runtime_Text_visitRopeFxn__C)
                  00018fba    00000002     empty_pe430X.oe430X (.const:ti_sysbios_family_msp430_Hwi_Object__count__C)
                  00018fbc    00000002     empty_pe430X.oe430X (.const:ti_sysbios_family_msp430_Timer_numTimerDevices__C)
                  00018fbe    00000002     empty_pe430X.oe430X (.const:ti_sysbios_family_msp430_Timer_startupNeeded__C)
                  00018fc0    00000002     empty_pe430X.oe430X (.const:ti_sysbios_family_msp430_TimestampProvider_Module__id__C)
                  00018fc2    00000002     empty_pe430X.oe430X (.const:ti_sysbios_family_msp430_TimestampProvider_useClockTimer__C)
                  00018fc4    00000002     empty_pe430X.oe430X (.const:ti_sysbios_gates_GateMutex_Instance_State_sem__O)
                  00018fc6    00000002     empty_pe430X.oe430X (.const:ti_sysbios_gates_GateMutex_Module__id__C)
                  00018fc8    00000002     empty_pe430X.oe430X (.const:ti_sysbios_hal_Hwi_Module__id__C)
                  00018fca    00000002     empty_pe430X.oe430X (.const:ti_sysbios_heaps_HeapMem_Object__count__C)
                  00018fcc    00000002     empty_pe430X.oe430X (.const:ti_sysbios_knl_Clock_Module_State_clockQ__O)
                  00018fce    00000002     empty_pe430X.oe430X (.const:ti_sysbios_knl_Clock_Module__id__C)
                  00018fd0    00000002     empty_pe430X.oe430X (.const:ti_sysbios_knl_Clock_Module__loggerDefined__C)
                  00018fd2    00000002     empty_pe430X.oe430X (.const:ti_sysbios_knl_Semaphore_Instance_State_pendQ__O)
                  00018fd4    00000002     empty_pe430X.oe430X (.const:ti_sysbios_knl_Semaphore_Module__id__C)
                  00018fd6    00000002     empty_pe430X.oe430X (.const:ti_sysbios_knl_Semaphore_Module__loggerDefined__C)
                  00018fd8    00000002     empty_pe430X.oe430X (.const:ti_sysbios_knl_Swi_Module__id__C)
                  00018fda    00000002     empty_pe430X.oe430X (.const:ti_sysbios_knl_Swi_Module__loggerDefined__C)
                  00018fdc    00000002     empty_pe430X.oe430X (.const:ti_sysbios_knl_Swi_Object__count__C)
                  00018fde    00000002     empty_pe430X.oe430X (.const:ti_sysbios_knl_Task_Module_State_inactiveQ__O)
                  00018fe0    00000002     empty_pe430X.oe430X (.const:ti_sysbios_knl_Task_Module__id__C)
                  00018fe2    00000002     empty_pe430X.oe430X (.const:ti_sysbios_knl_Task_Module__loggerDefined__C)
                  00018fe4    00000002     empty_pe430X.oe430X (.const:ti_sysbios_knl_Task_Object__count__C)
                  00018fe6    00000002     empty_pe430X.oe430X (.const:ti_sysbios_knl_Task_initStackFlag__C)
                  00018fe8    00000002     empty_pe430X.oe430X (.const:ti_sysbios_knl_Task_numConstructedTasks__C)
                  00018fea    00000002     empty_pe430X.oe430X (.const:ti_sysbios_utils_Load_Module__id__C)
                  00018fec    00000002     empty_pe430X.oe430X (.const:ti_sysbios_utils_Load_Module__loggerDefined__C)
                  00018fee    00000002     empty_pe430X.oe430X (.const:ti_sysbios_utils_Load_updateInIdle__C)
                  00018ff0    00000002     empty_pe430X.oe430X (.const:ti_sysbios_utils_Load_windowInMs__C)
                  00018ff2    00000002     empty_pe430X.oe430X (.const:ti_uia_loggers_LoggerStopMode_Module__id__C)
                  00018ff4    00000002     empty_pe430X.oe430X (.const:ti_uia_loggers_LoggerStopMode_Object__count__C)
                  00018ff6    00000002     empty_pe430X.oe430X (.const:ti_uia_loggers_LoggerStopMode_isTimestampEnabled__C)
                  00018ff8    00000002     empty_pe430X.oe430X (.const:xdc_runtime_Core_Module__id__C)
                  00018ffa    00000002     empty_pe430X.oe430X (.const:xdc_runtime_Error_Module__loggerDefined__C)
                  00018ffc    00000002     empty_pe430X.oe430X (.const:xdc_runtime_Error_maxDepth__C)
                  00018ffe    00000002     empty_pe430X.oe430X (.const:xdc_runtime_Error_policy__C)
                  00019000    00000002     empty_pe430X.oe430X (.const:xdc_runtime_HeapStd_Module__id__C)
                  00019002    00000002     empty_pe430X.oe430X (.const:xdc_runtime_Main_Module__id__C)
                  00019004    00000002     empty_pe430X.oe430X (.const:xdc_runtime_Main_Module__loggerDefined__C)
                  00019006    00000002     empty_pe430X.oe430X (.const:xdc_runtime_Memory_Module__id__C)
                  00019008    00000002     empty_pe430X.oe430X (.const:xdc_runtime_Startup_maxPasses__C)
                  0001900a    00000002     empty_pe430X.oe430X (.const:xdc_runtime_SysMin_bufSize__C)
                  0001900c    00000002     empty_pe430X.oe430X (.const:xdc_runtime_SysMin_flushAtExit__C)
                  0001900e    00000002     empty_pe430X.oe430X (.const:xdc_runtime_System_maxAtexitHandlers__C)
                  00019010    00000002     empty_pe430X.oe430X (.const:xdc_runtime_Text_charCnt__C)
                  00019012    00000002     empty_pe430X.oe430X (.const:xdc_runtime_Text_isLoaded__C)
                  00019014    00000002     empty_pe430X.oe430X (.const:xdc_runtime_Text_registryModsLastId__C)
                  00019016    00000002     empty_pe430X.oe430X (.const:xdc_runtime_Text_unnamedModsLastId__C)

.cinit     0    00019018    0000047c     
                  00019018    0000044c     (.cinit..data.load) [load image, compression = rle]
                  00019464    0000000c     (__TI_handler_table)
                  00019470    00000006     (.cinit..bss.load) [load image, compression = zero_init]
                  00019476    00000006     (.cinit..cio.load) [load image, compression = zero_init]
                  0001947c    00000018     (__TI_cinit_table)

.init_array 
*          0    00004400    00000000     UNINITIALIZED

.TI.persistent 
*          0    00003724    00000000     UNINITIALIZED

RTC        0    0000ffd2    00000002     
                  0000ffd2    00000002     sysbios.ae430X : BIOS.obj (.int41)

PORT2      0    0000ffd4    00000002     
                  0000ffd4    00000002     sysbios.ae430X : BIOS.obj (.int42)

TIMER2_A1 
*          0    0000ffd6    00000002     
                  0000ffd6    00000002     sysbios.ae430X : BIOS.obj (.int43)

TIMER2_A0 
*          0    0000ffd8    00000002     
                  0000ffd8    00000002     sysbios.ae430X : BIOS.obj (.int44)

USCI_B1    0    0000ffda    00000002     
                  0000ffda    00000002     sysbios.ae430X : BIOS.obj (.int45)

USCI_A1    0    0000ffdc    00000002     
                  0000ffdc    00000002     sysbios.ae430X : BIOS.obj (.int46)

PORT1      0    0000ffde    00000002     
                  0000ffde    00000002     sysbios.ae430X : BIOS.obj (.int47)

TIMER1_A1 
*          0    0000ffe0    00000002     
                  0000ffe0    00000002     sysbios.ae430X : BIOS.obj (.int48)

TIMER1_A0 
*          0    0000ffe2    00000002     
                  0000ffe2    00000002     sysbios.ae430X : BIOS.obj (.int49)

DMA        0    0000ffe4    00000002     
                  0000ffe4    00000002     sysbios.ae430X : BIOS.obj (.int50)

USB_UBM    0    0000ffe6    00000002     
                  0000ffe6    00000002     sysbios.ae430X : BIOS.obj (.int51)

TIMER0_A1 
*          0    0000ffe8    00000002     
                  0000ffe8    00000002     sysbios.ae430X : BIOS.obj (.int52)

TIMER0_A0 
*          0    0000ffea    00000002     
                  0000ffea    00000002     sysbios.ae430X : BIOS.obj (.int53)

ADC12      0    0000ffec    00000002     
                  0000ffec    00000002     sysbios.ae430X : BIOS.obj (.int54)

USCI_B0    0    0000ffee    00000002     
                  0000ffee    00000002     sysbios.ae430X : BIOS.obj (.int55)

USCI_A0    0    0000fff0    00000002     
                  0000fff0    00000002     sysbios.ae430X : BIOS.obj (.int56)

WDT        0    0000fff2    00000002     
                  0000fff2    00000002     sysbios.ae430X : BIOS.obj (.int57)

TIMER0_B1 
*          0    0000fff4    00000002     
                  0000fff4    00000002     sysbios.ae430X : BIOS.obj (.int58)

TIMER0_B0 
*          0    0000fff6    00000002     
                  0000fff6    00000002     sysbios.ae430X : BIOS.obj (.int59)

COMP_B     0    0000fff8    00000002     
                  0000fff8    00000002     sysbios.ae430X : BIOS.obj (.int60)

UNMI       0    0000fffa    00000002     
                  0000fffa    00000002     sysbios.ae430X : BIOS.obj (.int61)

SYSNMI     0    0000fffc    00000002     
                  0000fffc    00000002     sysbios.ae430X : BIOS.obj (.int62)

.reset     0    0000fffe    00000002     
                  0000fffe    00000002     boot.ae430X : boot.oe430X (.reset)

xdc.meta   0    00000000    00000102     COPY SECTION
                  00000000    00000102     empty_pe430X.oe430X (xdc.meta)

.text      0    00010000    0000695e     
                  00010000    000004dc     sysbios.ae430X : BIOS.obj (.text:ti_sysbios_knl_Semaphore_pend__E)
                  000104dc    000004d2     ti.targets.msp430.rts430.ae430X : System.oe430X (.text:xdc_runtime_System_doPrint__I)
                  000109ae    00000272                                     : HeapStd.oe430X (.text:xdc_runtime_HeapStd_alloc__E)
                  00010c20    0000025e     empty_pe430X.oe430X (.text:ti_uia_loggers_LoggerStopMode_write8__E)
                  00010e7e    00000252     empty_pe430X.oe430X (.text:ti_uia_loggers_LoggerStopMode_writeMemoryRange__E)
                  000110d0    00000208     sysbios.ae430X : BIOS.obj (.text:ti_sysbios_knl_Semaphore_post__E)
                  000112d8    000001ee     empty_pe430X.oe430X (.text:ti_uia_loggers_LoggerStopMode_write4__E)
                  000114c6    000001e4     main.obj (.text:remove_item)
                  000116aa    000001d2     main.obj (.text:insert_item)
                  0001187c    000001c8     ti.targets.msp430.rts430.ae430X : Core-mem.oe430X (.text:xdc_runtime_Core_createObject__I)
                  00011a44    000001b6     empty_pe430X.oe430X (.text:ti_uia_loggers_LoggerStopMode_write2__E)
                  00011bfa    000001b2     sysbios.ae430X : BIOS.obj (.text:ti_sysbios_knl_Swi_run__I)
                  00011dac    000001b0     main.obj (.text:producerHandler)
                  00011f5c    000001a6     main.obj (.text:consumerHandler)
                  00012102    00000198     sysbios.ae430X : BIOS.obj (.text:ti_sysbios_knl_Clock_workFunc__E)
                  0001229a    00000198     empty_pe430X.oe430X (.text:ti_uia_loggers_LoggerStopMode_write1__E)
                  00012432    00000190     ti.targets.msp430.rts430.ae430X : HeapStd.oe430X (.text:xdc_runtime_HeapStd_Instance_init__E)
                  000125c2    0000017e     empty_pe430X.oe430X (.text:ti_uia_loggers_LoggerStopMode_write0__E)
                  00012740    0000016c     ti.targets.msp430.rts430.ae430X : Core-smem.oe430X (.text:xdc_runtime_Core_constructObject__I)
                  000128ac    00000164     empty_pe430X.oe430X (.text:xdc_runtime_System_printfExtend__I)
                  00012a10    0000015a     sysbios.ae430X : BIOS.obj (.text:ti_sysbios_knl_Task_startCore__E)
                  00012b6a    00000158     ti.targets.msp430.rts430.ae430X : Error.oe430X (.text:xdc_runtime_Error_policyDefault__E)
                  00012cc2    00000154     sysbios.ae430X : BIOS.obj (.text:ti_sysbios_knl_Task_schedule__I)
                  00012e16    0000014e                    : BIOS.obj (.text:ti_sysbios_utils_Load_updateLoads__E)
                  00012f64    00000148                    : BIOS.obj (.text:ti_sysbios_gates_GateMutex_enter__E)
                  000130ac    00000146     ti.targets.msp430.rts430.ae430X : HeapStd.oe430X (.text:xdc_runtime_HeapStd_free__E)
                  000131f2    00000136     sysbios.ae430X : BIOS.obj (.text:ti_sysbios_knl_Task_checkStacks__E)
                  00013328    00000132                    : BIOS.obj (.text:ti_sysbios_knl_Semaphore_Instance_init__E)
                  0001345a    00000122                    : BIOS.obj (.text:ti_sysbios_utils_Load_idleFxn__E)
                  0001357c    0000010c                    : BIOS.obj (.text:ti_sysbios_knl_Task_yield__E)
                  00013688    00000100                    : BIOS.obj (.text:ti_sysbios_knl_Swi_post__E)
                  00013788    00000100                    : BIOS.obj (.text:ti_sysbios_knl_Swi_restoreHwi__E)
                  00013888    000000f0                    : BIOS.obj (.text:ti_sysbios_knl_Task_unblockI__E)
                  00013978    000000e2     ccs-MSP430F5529.lib : ucs.obj (.text:UCS_initFLL)
                  00013a5a    000000de     sysbios.ae430X : BIOS.obj (.text:ti_sysbios_knl_Task_blockI__E)
                  00013b38    000000dc                    : BIOS.obj (.text:ti_sysbios_knl_Swi_runLoop__I)
                  00013c14    000000d8     ti.uia.loggers.ae430X : LoggerStopMode.oe430X (.text:ti_uia_loggers_LoggerStopMode_flush__E)
                  00013cec    000000d8                           : LoggerStopMode.oe430X (.text:ti_uia_loggers_LoggerStopMode_initQueueDescriptor__E)
                  00013dc4    000000d2     sysbios.ae430X : BIOS.obj (.text:ti_sysbios_knl_Task_exit__E)
                  00013e96    000000cc     main.obj (.text:hardware_init)
                  00013f62    000000c0     ti.targets.msp430.rts430.ae430X : Startup.oe430X (.text:xdc_runtime_Startup_startMods__I)
                  00014022    000000b8                                     : Text.oe430X (.text:xdc_runtime_Text_putSite__E)
                  000140da    000000b4     sysbios.ae430X : BIOS.obj (.text:ti_sysbios_knl_Swi_schedule__I)
                  0001418e    000000a8                    : BIOS.obj (.text:ti_sysbios_knl_Task_postInit__I)
                  00014236    0000009a     ti.uia.runtime.ae430X : QueueDescriptor.oe430X (.text:ti_uia_runtime_QueueDescriptor_addToList__E)
                  000142d0    00000096     ti.targets.msp430.rts430.ae430X : System.oe430X (.text:xdc_runtime_System_formatNum__I)
                  00014366    00000092                                     : Error.oe430X (.text:xdc_runtime_Error_print__E)
                  000143f8    0000008a     sysbios.ae430X : BIOS.obj (.text:ti_sysbios_family_msp430_Timer_getExpiredCounts__E)
                  00014482    0000008a                    : BIOS.obj (.text:ti_sysbios_family_msp430_TimestampProvider_Module_startup__E)
                  0001450c    00000088     ccs-MSP430F5529.lib : ucs.obj (.text:UCS_initClockSignal)
                  00014594    00000088     sysbios.ae430X : BIOS.obj (.text:ti_sysbios_knl_Clock_logTick__E)
                  0001461c    00000088                    : BIOS.obj (.text:ti_sysbios_utils_Load_logCPULoad__I)
                  000146a4    00000086     ti.targets.msp430.rts430.ae430X : Text.oe430X (.text:xdc_runtime_Text_putMod__E)
                  0001472a    00000084     sysbios.ae430X : BIOS.obj (.text:ti_sysbios_family_msp430_Hwi_Module_startup__E)
                  000147ae    00000082     ti.targets.msp430.rts430.ae430X : Text.oe430X (.text:xdc_runtime_Text_putLab__E)
                  00014830    00000080     sysbios.ae430X : BIOS.obj (.text:ti_sysbios_family_msp430_TimestampProvider_get32__E)
                  000148b0    00000080     ti.targets.msp430.rts430.ae430X : Memory.oe430X (.text:xdc_runtime_Memory_alloc__E)
                  00014930    00000078     sysbios.ae430X : msp430_TaskSupport_asm.obj (.text:_ti_sysbios_family_msp430_TaskSupport_buildTaskStack)
                  000149a8    00000078     ti.targets.msp430.rts430.ae430X : Error.oe430X (.text:xdc_runtime_Error_setX__E)
                  00014a20    00000076                                     : Core-mem.oe430X (.text:xdc_runtime_Core_deleteObject__I)
                  00014a96    00000072     sysbios.ae430X : BIOS.obj (.text:ti_sysbios_family_msp430_Timer_periodicStub__E)
                  00014b08    00000072                    : BIOS.obj (.text:ti_sysbios_heaps_HeapMem_init__I)
                  00014b7a    00000070     boot.ae430X : autoinit_wdt.oe430X (.text:_auto_init_hold_wdt)
                  00014bea    0000006c     empty_pe430X.oe430X (.text:xdc_runtime_HeapStd_Object__create__S)
                  00014c56    0000006a     rts430x_lc_rd_eabi.lib : trgdrv.obj (.text:HOSTwrite)
                  00014cc0    00000068                            : copy_decompress_rle.obj (.text:__TI_decompress_rle_core)
                  00014d28    00000068     sysbios.ae430X : BIOS.obj (.text:ti_sysbios_family_msp430_TaskSupport_start__E)
                  00014d90    00000068     ti.targets.msp430.rts430.ae430X : Assert.oe430X (.text:xdc_runtime_Assert_raise__I)
                  00014df8    00000066     sysbios.ae430X : BIOS.obj (.text:ti_sysbios_knl_Task_Module_startup__E)
                  00014e5e    00000064                    : BIOS.obj (.text:ti_sysbios_family_msp430_Hwi_postInit__I)
                  00014ec2    00000064     ti.targets.msp430.rts430.ae430X : SysMin.oe430X (.text:xdc_runtime_SysMin_flush__E)
                  00014f26    00000060     sysbios.ae430X : BIOS.obj (.text:ti_sysbios_family_msp430_Timer_getFreq__E)
                  00014f86    00000060     ti.uia.loggers.ae430X : LoggerStopMode.oe430X (.text:ti_uia_loggers_LoggerStopMode_initBuffer__I)
                  00014fe6    0000005e     sysbios.ae430X : BIOS.obj (.text:ti_sysbios_family_msp430_Timer_setNextTick__E)
                  00015044    0000005a     ti.targets.msp430.rts430.ae430X : Text.oe430X (.text:xdc_runtime_Text_visitRope2__I)
                  0001509e    00000058     rts430x_lc_rd_eabi.lib : div32u.obj (.text)
                  000150f6    00000056                            : trgdrv.obj (.text:HOSTtime)
                  0001514c    00000056     sysbios.ae430X : BIOS.obj (.text:ti_sysbios_family_msp430_Hwi_getStackInfo__E)
                  000151a2    00000056     ti.uia.loggers.ae430X : LoggerStopMode.oe430X (.text:ti_uia_loggers_LoggerStopMode_reset__E)
                  000151f8    00000056     ti.targets.msp430.rts430.ae430X : SysMin.oe430X (.text:xdc_runtime_SysMin_putch__E)
                  0001524e    00000054     sysbios.ae430X : BIOS.obj (.text:ti_sysbios_family_msp430_Timer_start__E)
                  000152a2    00000054                    : BIOS.obj (.text:ti_sysbios_knl_Task_processVitalTaskFlag__I)
                  000152f6    00000052                    : BIOS.obj (.text:ti_sysbios_knl_Swi_restore__E)
                  00015348    00000052     ti.targets.msp430.rts430.ae430X : Startup.oe430X (.text:xdc_runtime_Startup_exec__E)
                  0001539a    00000050     sysbios.ae430X : BIOS.obj (.text:ti_sysbios_family_msp430_Timer_initDevice__I)
                  000153ea    00000050                    : BIOS.obj (.text:ti_sysbios_utils_Load_updateCurrentThreadTime__E)
                  0001543a    0000004e     ti.targets.msp430.rts430.ae430X : Core-params.oe430X (.text:xdc_runtime_Core_assignParams__I)
                  00015488    0000004c     ti.catalog.msp430.init.ae430X : Boot.oe430X (.text:.bootCodeSection:ti_catalog_msp430_init_Boot_configureDCO)
                  000154d4    0000004c     sysbios.ae430X : BIOS.obj (.text:ti_sysbios_knl_Semaphore_pendTimeout__I)
                  00015520    0000004c     ti.uia.loggers.ae430X : LoggerStopMode.oe430X (.text:ti_uia_loggers_LoggerStopMode_Module_startup__E)
                  0001556c    0000004a     sysbios.ae430X : BIOS.obj (.text:ti_sysbios_family_msp430_Timer_startup__E)
                  000155b6    0000004a                    : BIOS.obj (.text:ti_sysbios_knl_Task_allBlockedFunction__I)
                  00015600    00000048                    : BIOS.obj (.text:ti_sysbios_hal_Hwi_checkStack)
                  00015648    00000046                    : BIOS.obj (.text:ti_sysbios_family_msp430_Timer_Module_startup__E)
                  0001568e    00000042                    : BIOS.obj (.text:ti_sysbios_family_msp430_Timer_getCount__E)
                  000156d0    00000042     empty_pe430X.oe430X (.text:ti_sysbios_gates_GateHwi_Object__create__S)
                  00015712    00000042     empty_pe430X.oe430X (.text:ti_sysbios_gates_GateMutex_Object__create__S)
                  00015754    00000042     sysbios.ae430X : BIOS.obj (.text:ti_sysbios_knl_Clock_addI__E)
                  00015796    00000042     empty_pe430X.oe430X (.text:ti_uia_loggers_LoggerStopMode_Object__create__S)
                  000157d8    00000042     ti.targets.msp430.rts430.ae430X : Text.oe430X (.text:xdc_runtime_Text_xprintf__I)
                  0001581a    00000040     main.obj (.text:ledSrvTaskHandler)
                  0001585a    00000040     rts430x_lc_rd_eabi.lib : rand.obj (.text:rand)
                  0001589a    00000040     ti.targets.msp430.rts430.ae430X : Text.oe430X (.text:xdc_runtime_Text_printVisFxn__I)
                  000158da    0000003e     rts430x_lc_rd_eabi.lib : lsl32.obj (.text:l_lsl_const)
                  00015918    0000003e                            : lsr32.obj (.text:l_lsr_const)
                  00015956    0000003e     empty_pe430X.oe430X (.text:ti_sysbios_knl_Semaphore_construct)
                  00015994    0000003e     ti.targets.msp430.rts430.ae430X : System.oe430X (.text:xdc_runtime_System_atexit__E)
                  000159d2    0000003c     sysbios.ae430X : BIOS.obj (.text:ti_sysbios_hal_Hwi_initStack)
                  00015a0e    0000003c     ti.targets.msp430.rts430.ae430X : System.oe430X (.text:xdc_runtime_System_processAtExit__E)
                  00015a4a    0000003a     empty_pe430X.oe430X (.text:ti_sysbios_knl_Queue_construct)
                  00015a84    0000003a     ti.targets.msp430.rts430.ae430X : System.oe430X (.text:xdc_runtime_System_putchar__I)
                  00015abe    00000038     sysbios.ae430X : BIOS.obj (.text:ti_sysbios_family_msp430_Hwi53_p2)
                  00015af6    00000036     rts430x_lc_rd_eabi.lib : trgmsg.obj (.text:__TI_writemsg)
                  00015b2c    00000036     ti.targets.msp430.rts430.ae430X : Error.oe430X (.text:xdc_runtime_Error_raiseX__E)
                  00015b62    00000032     ccs-MSP430F5529.lib : ucs.obj (.text:UCS_initFLLSettle)
                  00015b94    00000032     rts430x_lc_rd_eabi.lib : trgmsg.obj (.text:__TI_readmsg)
                  00015bc6    00000032     main.obj (.text:ledToggle)
                  00015bf8    00000032     sysbios.ae430X : BIOS.obj (.text:ti_sysbios_family_msp430_Timer_postInit__I)
                  00015c2a    00000032                    : BIOS.obj (.text:ti_sysbios_family_msp430_Timer_stop__E)
                  00015c5c    00000032                    : msp430_Hwi_switch_asm.obj (.text:ti_sysbios_family_xxx_Hwi_switchAndRunFunc)
                  00015c8e    00000032     ti.targets.msp430.rts430.ae430X : Core-label.oe430X (.text:xdc_runtime_Core_assignLabel__I)
                  00015cc0    00000032                                     : SysMin.oe430X (.text:xdc_runtime_SysMin_abort__E)
                  00015cf2    00000032                                     : System.oe430X (.text:xdc_runtime_System_avprintf__E)
                  00015d24    00000032                                     : System.oe430X (.text:xdc_runtime_System_vprintf__E)
                  00015d56    00000030     sysbios.ae430X : BIOS.obj (.text:ti_sysbios_knl_Queue_put__E)
                  00015d86    00000030                    : BIOS.obj (.text:ti_sysbios_knl_Task_restore__E)
                  00015db6    0000002e     rts430x_lc_rd_eabi.lib : exit.obj (.text:exit)
                  00015de4    0000002c                            : div16s.obj (.text)
                  00015e10    0000002c     empty_pe430X.oe430X (.text:ti_sysbios_knl_Clock_doTick__I)
                  00015e3c    0000002c     sysbios.ae430X : BIOS.obj (.text:ti_sysbios_utils_Load_updateThreadContexts__E)
                  00015e68    0000002a     empty_pe430X.oe430X (.text:ti_sysbios_BIOS_atExitFunc__I)
                  00015e92    0000002a     empty_pe430X.oe430X (.text:ti_sysbios_family_msp430_Hwi_Object__get__S)
                  00015ebc    0000002a     sysbios.ae430X : BIOS.obj (.text:ti_sysbios_knl_Clock_Module_startup__E)
                  00015ee6    0000002a     empty_pe430X.oe430X (.text:ti_sysbios_knl_Swi_Object__get__S)
                  00015f10    0000002a     empty_pe430X.oe430X (.text:ti_sysbios_knl_Task_Object__get__S)
                  00015f3a    0000002a     empty_pe430X.oe430X (.text:ti_uia_loggers_LoggerStopMode_Object__get__S)
                  00015f64    0000002a     empty_pe430X.oe430X (.text:xdc_runtime_SysMin_output__I)
                  00015f8e    00000028     ccs-MSP430F5529.lib : gpio.obj (.text:GPIO_setAsOutputPin)
                  00015fb6    00000028     empty_pe430X.oe430X (.text:ti_sysbios_BIOS_errorRaiseHook__I)
                  00015fde    00000028     ti.targets.msp430.rts430.ae430X : Text.oe430X (.text:xdc_runtime_Text_cordText__E)
                  00016006    00000026     empty_pe430X.oe430X (.text:ti_sysbios_gates_GateMutex_Object__delete__S)
                  0001602c    00000026     sysbios.ae430X : BIOS.obj (.text:ti_sysbios_knl_Swi_Module_startup__E)
                  00016052    00000024     rts430x_lc_rd_eabi.lib : copy_zero_init.obj (.text:decompress:ZI:__TI_zero_init)
                  00016076    00000024     empty_pe430X.oe430X (.text:ti_sysbios_BIOS_rtsLock__I)
                  0001609a    00000024     empty_pe430X.oe430X (.text:ti_sysbios_gates_GateHwi_Object__delete__S)
                  000160be    00000024     ti.uia.loggers.ae430X : LoggerStopMode.oe430X (.text:ti_uia_loggers_LoggerStopMode_Instance_init__E)
                  000160e2    00000024     empty_pe430X.oe430X (.text:ti_uia_loggers_LoggerStopMode_Object__delete__S)
                  00016106    00000024     empty_pe430X.oe430X (.text:xdc_runtime_HeapStd_Object__delete__S)
                  0001612a    00000022     main.obj (.text:main)
                  0001614c    00000022     rts430x_lc_rd_eabi.lib : mult32_f5hw.obj (.text)
                  0001616e    00000022     sysbios.ae430X : BIOS.obj (.text:ti_sysbios_gates_GateMutex_Instance_init__E)
                  00016190    00000022                    : BIOS.obj (.text:ti_sysbios_gates_GateMutex_leave__E)
                  000161b2    00000022                    : BIOS.obj (.text:ti_sysbios_knl_Clock_startI__E)
                  000161d4    00000022                    : BIOS.obj (.text:ti_sysbios_knl_Idle_run__E)
                  000161f6    00000022                    : BIOS.obj (.text:ti_sysbios_knl_Task_restoreHwi__E)
                  00016218    00000022                    : BIOS.obj (.text:ti_sysbios_knl_Task_unblock__E)
                  0001623a    00000022     ti.uia.loggers.ae430X : LoggerStopMode.oe430X (.text:ti_uia_loggers_LoggerStopMode_disable__E)
                  0001625c    00000022                           : LoggerStopMode.oe430X (.text:ti_uia_loggers_LoggerStopMode_enable__E)
                  0001627e    00000022     ti.targets.msp430.rts430.ae430X : Memory.oe430X (.text:xdc_runtime_Memory_valloc__E)
                  000162a0    00000020                                     : Error.oe430X (.text:xdc_runtime_Error_check__E)
                  000162c0    00000020                                     : HeapStd.oe430X (.text:xdc_runtime_HeapStd_getStats__E)
                  000162e0    0000001e     empty_pe430X.oe430X (.text:ti_sysbios_BIOS_rtsUnlock__I)
                  000162fe    0000001e     empty_pe430X.oe430X (.text:ti_sysbios_family_msp430_Timer_Module__startupDone__F)
                  0001631c    0000001e     empty_pe430X.oe430X (.text:ti_sysbios_gates_GateHwi_Handle__label__S)
                  0001633a    0000001e     empty_pe430X.oe430X (.text:ti_sysbios_gates_GateMutex_Handle__label__S)
                  00016358    0000001e     sysbios.ae430X : BIOS.obj (.text:ti_sysbios_knl_Task_enter__I)
                  00016376    0000001e     empty_pe430X.oe430X (.text:ti_uia_loggers_LoggerStopMode_Handle__label__S)
                  00016394    0000001e     empty_pe430X.oe430X (.text:xdc_runtime_HeapStd_Handle__label__S)
                  000163b2    0000001c     ccs-MSP430F5529.lib : gpio.obj (.text:GPIO_setOutputLowOnPin)
                  000163ce    0000001c                         : gpio.obj (.text:GPIO_toggleOutputOnPin)
                  000163ea    0000001c     sysbios.ae430X : msp430_TaskSupport_asm.obj (.text:_ti_sysbios_family_msp430_TaskSupport_swap__E)
                  00016406    0000001c     empty_pe430X.oe430X (.text:ti_sysbios_BIOS_startFunc__I)
                  00016422    0000001c     empty_pe430X.oe430X (.text:ti_sysbios_family_msp430_Hwi_Module__startupDone__F)
                  0001643e    0000001c     empty_pe430X.oe430X (.text:ti_sysbios_heaps_HeapMem_Object__get__S)
                  0001645a    0000001c     sysbios.ae430X : BIOS.obj (.text:ti_sysbios_knl_Semaphore_reset__E)
                  00016476    0000001c     ti.targets.msp430.rts430.ae430X : Registry.oe430X (.text:xdc_runtime_Registry_findById__E)
                  00016492    0000001c                                     : SysMin.oe430X (.text:xdc_runtime_SysMin_Module_startup__E)
                  000164ae    0000001a     ccs-MSP430F5529.lib : wdt_a.obj (.text:WDT_A_hold)
                  000164c8    0000001a     main.obj (.text:initArray)
                  000164e2    0000001a     empty_pe430X.oe430X (.text:ti_sysbios_BIOS_exitFunc__I)
                  000164fc    0000001a     empty_pe430X.oe430X (.text:ti_sysbios_BIOS_registerRTSLock__I)
                  00016516    0000001a     empty_pe430X.oe430X (.text:ti_sysbios_BIOS_removeRTSLock__I)
                  00016530    0000001a     sysbios.ae430X : BIOS.obj (.text:ti_sysbios_family_msp430_TimestampProvider_get64__E)
                  0001654a    0000001a     empty_pe430X.oe430X (.text:ti_sysbios_knl_Semaphore_Object__destruct__S)
                  00016564    0000001a     ti.uia.loggers.ae430X : LoggerStopMode.oe430X (.text:ti_uia_loggers_LoggerStopMode_isEmpty__E)
                  0001657e    0000001a     ti.targets.msp430.rts430.ae430X : System.oe430X (.text:xdc_runtime_System_vsnprintf__E)
                  00016598    00000018     main.obj (.text:delay)
                  000165b0    00000018     sysbios.ae430X : BIOS.obj (.text:ti_sysbios_BIOS_setThreadType__E)
                  000165c8    00000018     empty_pe430X.oe430X (.text:ti_sysbios_knl_Queue_Object__destruct__S)
                  000165e0    00000018     rts430x_lc_rd_eabi.lib : time.obj (.text:time)
                  000165f8    00000016                            : memset.obj (.text:memset)
                  0001660e    00000016                            : div16u.obj (.text)
                  00016624    00000016                            : mult16_f5hw.obj (.text)
                  0001663a    00000016                            : rand.obj (.text:srand)
                  00016650    00000016     sysbios.ae430X : BIOS.obj (.text:ti_sysbios_knl_Task_enabled__E)
                  00016666    00000016     ti.targets.msp430.rts430.ae430X : SysMin.oe430X (.text:xdc_runtime_SysMin_exit__E)
                  0001667c    00000016                                     : System.oe430X (.text:xdc_runtime_System_abort__E)
                  00016692    00000014     rts430x_lc_rd_eabi.lib : memcpy.obj (.text:memcpy)
                  000166a6    00000014     empty_pe430X.oe430X (.text:ti_sysbios_knl_Queue_Object__get__S)
                  000166ba    00000014     ti.targets.msp430.rts430.ae430X : Memory.oe430X (.text:xdc_runtime_Memory_calloc__E)
                  000166ce    00000014     empty_pe430X.oe430X (.text:xdc_runtime_Startup_exec__I)
                  000166e2    00000014     ti.targets.msp430.rts430.ae430X : Text.oe430X (.text:xdc_runtime_Text_ropeText__E)
                  000166f6    00000012     rts430x_lc_rd_eabi.lib : copy_decompress_none.obj (.text:decompress:none:__TI_decompress_none)
                  00016708    00000012     sysbios.ae430X : BIOS.obj (.text:ti_sysbios_gates_GateHwi_leave__E)
                  0001671a    00000012                    : BIOS.obj (.text:ti_sysbios_gates_GateMutex_Instance_finalize__E)
                  0001672c    00000012                    : BIOS.obj (.text:ti_sysbios_knl_Semaphore_Instance_finalize__E)
                  0001673e    00000012     empty_pe430X.oe430X (.text:xdc_runtime_System_aprintf__E)
                  00016750    00000012     ti.targets.msp430.rts430.ae430X : System.oe430X (.text:xdc_runtime_System_exit__E)
                  00016762    00000012     empty_pe430X.oe430X (.text:xdc_runtime_System_printf__E)
                  00016774    00000010     sysbios.ae430X : msp430_TaskSupport_asm.obj (.text:_ti_sysbios_family_msp430_TaskSupport_glue)
                  00016784    00000010                    : BIOS.obj (.text:ti_sysbios_family_msp430_TaskSupport_checkStack__E)
                  00016794    00000010                    : BIOS.obj (.text:ti_sysbios_hal_Hwi_Module_startup__E)
                  000167a4    00000010     ti.targets.msp430.rts430.ae430X : Error.oe430X (.text:xdc_runtime_Error_init__E)
                  000167b4    00000010     empty_pe430X.oe430X (.text:xdc_runtime_Text_visitRope__I)
                  000167c4    0000000e     rts430x_lc_rd_eabi.lib : strlen.obj (.text:strlen)
                  000167d2    0000000e     sysbios.ae430X : BIOS.obj (.text:ti_sysbios_family_msp430_Timer_getMaxTicks__E)
                  000167e0    0000000e                    : BIOS.obj (.text:ti_sysbios_knl_Queue_empty__E)
                  000167ee    0000000e                    : BIOS.obj (.text:ti_sysbios_knl_Swi_disable__E)
                  000167fc    0000000e                    : BIOS.obj (.text:ti_sysbios_knl_Task_disable__E)
                  0001680a    0000000e     ti.targets.msp430.rts430.ae430X : SysMin.oe430X (.text:xdc_runtime_SysMin_ready__E)
                  00016818    0000000c     empty_pe430X.oe430X (.text:.bootCodeSection:ti_catalog_msp430_init_Boot_init)
                  00016824    0000000c     ti.targets.msp430.rts430.ae430X : Gate.oe430X (.text:xdc_runtime_Gate_leaveSystem__E)
                  00016830    0000000c                                     : Memory.oe430X (.text:xdc_runtime_Memory_free__E)
                  0001683c    0000000a     rts430x_lc_rd_eabi.lib : lsl16.obj (.text)
                  00016846    0000000a     sysbios.ae430X : BIOS.obj (.text:ti_sysbios_BIOS_start__E)
                  00016850    0000000a                    : BIOS.obj (.text:ti_sysbios_family_msp430_Hwi_startup__E)
                  0001685a    0000000a                    : BIOS.obj (.text:ti_sysbios_family_msp430_TimestampProvider_getFreq__E)
                  00016864    0000000a                    : BIOS.obj (.text:ti_sysbios_gates_GateHwi_enter__E)
                  0001686e    0000000a                    : BIOS.obj (.text:ti_sysbios_knl_Queue_Instance_init__E)
                  00016878    0000000a                    : BIOS.obj (.text:ti_sysbios_knl_Task_self__E)
                  00016882    00000008     ti.catalog.msp430.init.ae430X : Boot.oe430X (.text:.bootCodeSection:ti_catalog_msp430_init_Boot_disableWatchdog)
                  0001688a    00000008     ti.targets.msp430.rts430.ae430X : xdc_init.oe430X (.text:__xdc__init)
                  00016892    00000008     sysbios.ae430X : BIOS.obj (.text:ti_sysbios_family_msp430_Hwi_switchFromBootStack__E)
                  0001689a    00000008                    : BIOS.obj (.text:ti_sysbios_family_msp430_Timer_getPeriod__E)
                  000168a2    00000008     ti.targets.msp430.rts430.ae430X : Gate.oe430X (.text:xdc_runtime_Gate_enterSystem__E)
                  000168aa    00000008     empty_pe430X.oe430X (.text:xdc_runtime_IHeap_alloc)
                  000168b2    00000008     empty_pe430X.oe430X (.text:xdc_runtime_IHeap_free)
                  000168ba    00000008     ti.targets.msp430.rts430.ae430X : Memory.oe430X (.text:xdc_runtime_Memory_getMaxDefaultTypeAlign__E)
                  000168c2    00000006     rts430x_lc_rd_eabi.lib : _lock.obj (.text:_register_lock)
                  000168c8    00000006                            : _lock.obj (.text:_register_unlock)
                  000168ce    00000006                            : copy_decompress_rle.obj (.text:decompress:rle24:__TI_decompress_rle24)
                  000168d4    00000006     sysbios.ae430X : BIOS.obj (.text:ti_sysbios_knl_Idle_loop__E)
                  000168da    00000006                    : BIOS.obj (.text:ti_sysbios_knl_Swi_startup__E)
                  000168e0    00000006                    : BIOS.obj (.text:ti_sysbios_knl_Task_getEnv__E)
                  000168e6    00000006                    : BIOS.obj (.text:ti_sysbios_knl_Task_setEnv__E)
                  000168ec    00000006     ti.uia.loggers.ae430X : LoggerStopMode.oe430X (.text:ti_uia_loggers_LoggerStopMode_getInstanceId__E)
                  000168f2    00000006                           : LoggerStopMode.oe430X (.text:ti_uia_loggers_LoggerStopMode_getMaxLength__E)
                  000168f8    00000006     ti.targets.msp430.rts430.ae430X : Error.oe430X (.text:xdc_runtime_Error_getSite__E)
                  000168fe    00000004     boot.ae430X : pre_init.oe430X (.text:_system_pre_init)
                  00016902    00000004     rts430x_lc_rd_eabi.lib : exit.obj (.text:abort)
                  00016906    00000004     empty_pe430X.oe430X (.text:malloc)
                  0001690a    00000004     empty_pe430X.oe430X (.text:ti_sysbios_BIOS_RtsGateProxy_enter__E)
                  0001690e    00000004     empty_pe430X.oe430X (.text:ti_sysbios_BIOS_RtsGateProxy_leave__E)
                  00016912    00000004     empty_pe430X.oe430X (.text:ti_sysbios_family_msp430_TaskSupport_Module__startupDone__S)
                  00016916    00000004     sysbios.ae430X : BIOS.obj (.text:ti_sysbios_gates_GateHwi_query__E)
                  0001691a    00000004                    : BIOS.obj (.text:ti_sysbios_gates_GateMutex_query__E)
                  0001691e    00000004     empty_pe430X.oe430X (.text:ti_sysbios_knl_Clock_TimerProxy_getMaxTicks__E)
                  00016922    00000004     empty_pe430X.oe430X (.text:ti_sysbios_knl_Clock_TimerProxy_getPeriod__E)
                  00016926    00000004     empty_pe430X.oe430X (.text:ti_sysbios_knl_Queue_destruct)
                  0001692a    00000004     empty_pe430X.oe430X (.text:ti_sysbios_knl_Semaphore_destruct)
                  0001692e    00000004     sysbios.ae430X : BIOS.obj (.text:ti_sysbios_knl_Task_startup__E)
                  00016932    00000004     ti.uia.loggers.ae430X : LoggerStopMode.oe430X (.text:ti_uia_loggers_LoggerStopMode_getContents__E)
                  00016936    00000004     empty_pe430X.oe430X (.text:ti_uia_loggers_LoggerStopMode_getFilterLevel__E)
                  0001693a    00000004     ti.uia.loggers.ae430X : LoggerStopMode.oe430X (.text:ti_uia_loggers_LoggerStopMode_getPriority__E)
                  0001693e    00000004                           : LoggerStopMode.oe430X (.text:ti_uia_loggers_LoggerStopMode_getTransferType__E)
                  00016942    00000004     ti.targets.msp430.rts430.ae430X : HeapStd.oe430X (.text:xdc_runtime_HeapStd_isBlocking__E)
                  00016946    00000004     empty_pe430X.oe430X (.text:xdc_runtime_System_Module_GateProxy_enter__E)
                  0001694a    00000004     empty_pe430X.oe430X (.text:xdc_runtime_System_Module_GateProxy_leave__E)
                  0001694e    00000004     ti.targets.msp430.rts430.ae430X : System.oe430X (.text:xdc_runtime_System_Module_startup__E)
                  00016952    00000002     rts430x_lc_rd_eabi.lib : _lock.obj (.text:_nop)
                  00016954    00000002     empty_pe430X.oe430X (.text:free)
                  00016956    00000002     empty_pe430X.oe430X (.text:ti_sysbios_BIOS_nullFunc__I)
                  00016958    00000002     sysbios.ae430X : BIOS.obj (.text:ti_sysbios_gates_GateHwi_Instance_init__E)
                  0001695a    00000002     empty_pe430X.oe430X (.text:ti_uia_loggers_LoggerStopMode_setFilterLevel__E)
                  0001695c    00000002     ti.uia.loggers.ae430X : LoggerStopMode.oe430X (.text:ti_uia_loggers_LoggerStopMode_setPriority__E)


LINKER GENERATED COPY TABLES

__TI_cinit_table @ 0001947c records: 3, size/record: 8, table size: 24
	.data: load addr=00019018, load size=0000044c bytes, run addr=00003724, run size=00000694 bytes, compression=rle
	.bss: load addr=00019470, load size=00000006 bytes, run addr=00002400, run size=00001324 bytes, compression=zero_init
	.cio: load addr=00019476, load size=00000006 bytes, run addr=00003db8, run size=00000120 bytes, compression=zero_init


LINKER GENERATED HANDLER TABLE

__TI_handler_table @ 00019464 records: 3, size/record: 4, table size: 12
	index: 0, handler: __TI_zero_init
	index: 1, handler: __TI_decompress_rle24
	index: 2, handler: __TI_decompress_none


GLOBAL SYMBOLS: SORTED ALPHABETICALLY BY Name 

address   name                                                               
-------   ----                                                               
00000700  ADC12CTL0                                                          
00000701  ADC12CTL0_H                                                        
00000700  ADC12CTL0_L                                                        
00000702  ADC12CTL1                                                          
00000703  ADC12CTL1_H                                                        
00000702  ADC12CTL1_L                                                        
00000704  ADC12CTL2                                                          
00000705  ADC12CTL2_H                                                        
00000704  ADC12CTL2_L                                                        
0000070c  ADC12IE                                                            
0000070d  ADC12IE_H                                                          
0000070c  ADC12IE_L                                                          
0000070a  ADC12IFG                                                           
0000070b  ADC12IFG_H                                                         
0000070a  ADC12IFG_L                                                         
0000070e  ADC12IV                                                            
0000070f  ADC12IV_H                                                          
0000070e  ADC12IV_L                                                          
00000710  ADC12MCTL0                                                         
00000711  ADC12MCTL1                                                         
0000071a  ADC12MCTL10                                                        
0000071b  ADC12MCTL11                                                        
0000071c  ADC12MCTL12                                                        
0000071d  ADC12MCTL13                                                        
0000071e  ADC12MCTL14                                                        
0000071f  ADC12MCTL15                                                        
00000712  ADC12MCTL2                                                         
00000713  ADC12MCTL3                                                         
00000714  ADC12MCTL4                                                         
00000715  ADC12MCTL5                                                         
00000716  ADC12MCTL6                                                         
00000717  ADC12MCTL7                                                         
00000718  ADC12MCTL8                                                         
00000719  ADC12MCTL9                                                         
00000720  ADC12MEM0                                                          
00000721  ADC12MEM0_H                                                        
00000720  ADC12MEM0_L                                                        
00000722  ADC12MEM1                                                          
00000734  ADC12MEM10                                                         
00000735  ADC12MEM10_H                                                       
00000734  ADC12MEM10_L                                                       
00000736  ADC12MEM11                                                         
00000737  ADC12MEM11_H                                                       
00000736  ADC12MEM11_L                                                       
00000738  ADC12MEM12                                                         
00000739  ADC12MEM12_H                                                       
00000738  ADC12MEM12_L                                                       
0000073a  ADC12MEM13                                                         
0000073b  ADC12MEM13_H                                                       
0000073a  ADC12MEM13_L                                                       
0000073c  ADC12MEM14                                                         
0000073d  ADC12MEM14_H                                                       
0000073c  ADC12MEM14_L                                                       
0000073e  ADC12MEM15                                                         
0000073f  ADC12MEM15_H                                                       
0000073e  ADC12MEM15_L                                                       
00000723  ADC12MEM1_H                                                        
00000722  ADC12MEM1_L                                                        
00000724  ADC12MEM2                                                          
00000725  ADC12MEM2_H                                                        
00000724  ADC12MEM2_L                                                        
00000726  ADC12MEM3                                                          
00000727  ADC12MEM3_H                                                        
00000726  ADC12MEM3_L                                                        
00000728  ADC12MEM4                                                          
00000729  ADC12MEM4_H                                                        
00000728  ADC12MEM4_L                                                        
0000072a  ADC12MEM5                                                          
0000072b  ADC12MEM5_H                                                        
0000072a  ADC12MEM5_L                                                        
0000072c  ADC12MEM6                                                          
0000072d  ADC12MEM6_H                                                        
0000072c  ADC12MEM6_L                                                        
0000072e  ADC12MEM7                                                          
0000072f  ADC12MEM7_H                                                        
0000072e  ADC12MEM7_L                                                        
00000730  ADC12MEM8                                                          
00000731  ADC12MEM8_H                                                        
00000730  ADC12MEM8_L                                                        
00000732  ADC12MEM9                                                          
00000733  ADC12MEM9_H                                                        
00000732  ADC12MEM9_L                                                        
00016902  C$$EXIT                                                            
00015b28  C$$IO$$                                                            
000008c0  CBCTL0                                                             
000008c1  CBCTL0_H                                                           
000008c0  CBCTL0_L                                                           
000008c2  CBCTL1                                                             
000008c3  CBCTL1_H                                                           
000008c2  CBCTL1_L                                                           
000008c4  CBCTL2                                                             
000008c5  CBCTL2_H                                                           
000008c4  CBCTL2_L                                                           
000008c6  CBCTL3                                                             
000008c7  CBCTL3_H                                                           
000008c6  CBCTL3_L                                                           
000008cc  CBINT                                                              
000008cd  CBINT_H                                                            
000008cc  CBINT_L                                                            
000008ce  CBIV                                                               
00000150  CRCDI                                                              
00000152  CRCDIRB                                                            
00000153  CRCDIRB_H                                                          
00000152  CRCDIRB_L                                                          
00000151  CRCDI_H                                                            
00000150  CRCDI_L                                                            
00000154  CRCINIRES                                                          
00000155  CRCINIRES_H                                                        
00000154  CRCINIRES_L                                                        
00000156  CRCRESR                                                            
00000157  CRCRESR_H                                                          
00000156  CRCRESR_L                                                          
00000510  DMA0CTL                                                            
00000511  DMA0CTL_H                                                          
00000510  DMA0CTL_L                                                          
[...]
00016892  ti_sysbios_hal_Hwi_HwiProxy_switchFromBootStack__E                 
0001689a  ti_sysbios_family_msp430_Timer_getPeriod__E                        
000168a2  xdc_runtime_Gate_enterSystem__E                                    
000168aa  xdc_runtime_Memory_HeapProxy_alloc__E                              
000168b2  xdc_runtime_Memory_HeapProxy_free__E                               
000168ba  xdc_runtime_Memory_getMaxDefaultTypeAlign__E                       
000168c2  _register_lock                                                     
000168c8  _register_unlock                                                   
000168ce  __TI_decompress_rle24                                              
000168d4  ti_sysbios_knl_Idle_loop__E                                        
000168da  ti_sysbios_knl_Swi_startup__E                                      
000168e0  ti_sysbios_knl_Task_getEnv__E                                      
000168e6  ti_sysbios_knl_Task_setEnv__E                                      
000168ec  ti_uia_loggers_LoggerStopMode_getInstanceId__E                     
000168f2  ti_uia_loggers_LoggerStopMode_getMaxLength__E                      
000168f8  xdc_runtime_Error_getSite__E                                       
000168fe  _system_pre_init                                                   
00016902  C$$EXIT                                                            
00016902  abort                                                              
00016902  xdc_runtime_System_abortStd__E                                     
00016906  malloc                                                             
0001690a  ti_sysbios_BIOS_RtsGateProxy_enter__E                              
0001690e  ti_sysbios_BIOS_RtsGateProxy_leave__E                              
00016912  ti_sysbios_family_msp430_TaskSupport_Module__startupDone__S        
00016912  ti_sysbios_knl_Task_SupportProxy_Module__startupDone__S            
00016916  ti_sysbios_gates_GateHwi_query__E                                  
00016916  xdc_runtime_Main_Module_GateProxy_query__E                         
00016916  xdc_runtime_System_Module_GateProxy_query__E                       
0001691a  ti_sysbios_BIOS_RtsGateProxy_query__E                              
0001691a  ti_sysbios_gates_GateMutex_query__E                                
0001691a  ti_sysbios_heaps_HeapMem_Module_GateProxy_query__E                 
0001691e  ti_sysbios_knl_Clock_TimerProxy_getMaxTicks__E                     
00016922  ti_sysbios_knl_Clock_TimerProxy_getPeriod__E                       
00016926  ti_sysbios_knl_Queue_destruct                                      
0001692a  ti_sysbios_knl_Semaphore_destruct                                  
0001692e  ti_sysbios_knl_Task_startup__E                                     
00016932  ti_uia_loggers_LoggerStopMode_getContents__E                       
00016936  ti_uia_loggers_LoggerStopMode_getFilterLevel__E                    
0001693a  ti_uia_loggers_LoggerStopMode_getPriority__E                       
0001693e  ti_uia_loggers_LoggerStopMode_getTransferType__E                   
00016942  xdc_runtime_HeapStd_isBlocking__E                                  
00016946  xdc_runtime_System_Module_GateProxy_enter__E                       
0001694a  xdc_runtime_System_Module_GateProxy_leave__E                       
0001694e  xdc_runtime_System_Module_startup__E                               
00016952  _nop                                                               
00016954  free                                                               
00016956  ti_sysbios_BIOS_nullFunc__I                                        
00016958  ti_sysbios_gates_GateHwi_Instance_init__E                          
0001695a  ti_uia_loggers_LoggerStopMode_setFilterLevel__E                    
0001695c  ti_uia_loggers_LoggerStopMode_setPriority__E                       
0001695e  xdc_runtime_Text_charTab__A                                        
00018932  xdc_runtime_Text_nodeTab__A                                        
00018a1a  ti_uia_loggers_LoggerStopMode_Module__FXNS__C                      
00018b5a  producerTask1                                                      
00018b5e  consumerTask1                                                      
00018b62  ledSrvTask                                                         
00018b66  timeSharingClk                                                     
00018b6a  fullSlots                                                          
00018b6e  emptySlots                                                         
00018b72  mutex                                                              
00018b76  ledSrvSchedSem                                                     
00018b7a  setLedEnvMutex                                                     
00018b7e  producerTask2                                                      
00018b82  consumerTask2                                                      
00018bb0  xdc_runtime_Startup_sfxnTab__A                                     
00018bd8  xdc_runtime_HeapStd_Module__FXNS__C                                
00018bfe  ti_sysbios_gates_GateHwi_Module__FXNS__C                           
00018c20  ti_sysbios_gates_GateMutex_Module__FXNS__C                         
00018c42  IntrinsicsSupport_maxbitTable                                      
00018c62  ti_uia_loggers_LoggerStopMode_Object__PARAMS__C                    
00018c9e  ti_sysbios_knl_Semaphore_Object__PARAMS__C                         
00018cba  ti_sysbios_gates_GateHwi_Object__DESC__C                           
00018cd2  ti_sysbios_gates_GateMutex_Object__DESC__C                         
00018cea  ti_sysbios_knl_Queue_Object__DESC__C                               
00018d02  ti_sysbios_knl_Semaphore_Object__DESC__C                           
00018d1a  ti_uia_loggers_LoggerStopMode_Object__DESC__C                      
00018d32  xdc_runtime_HeapStd_Object__DESC__C                                
00018d4a  xdc_runtime_HeapStd_Object__PARAMS__C                              
00018d62  ti_sysbios_gates_GateHwi_Object__PARAMS__C                         
00018d76  ti_sysbios_gates_GateMutex_Object__PARAMS__C                       
00018d8a  ti_sysbios_knl_Queue_Object__PARAMS__C                             
00018d9e  xdc_runtime_Startup_sfxnRts__A                                     
00018dcc  ti_sysbios_knl_Idle_funcList__A                                    
00018dd4  xdc_runtime_Startup_firstFxns__A                                   
00018de2  ti_sysbios_family_msp430_Hwi_hooks__C                              
00018de8  ti_sysbios_knl_Idle_funcList__C                                    
00018dee  xdc_runtime_Startup_firstFxns__C                                   
00018df4  xdc_runtime_Startup_lastFxns__C                                    
00018dfa  ti_sysbios_family_msp430_TimestampProvider_Module__diagsEnabled__C 
00018dfe  ti_sysbios_family_msp430_TimestampProvider_Module__diagsIncluded__C
00018e02  ti_sysbios_family_msp430_TimestampProvider_Module__diagsMask__C    
00018e06  ti_sysbios_gates_GateMutex_A_badContext__C                         
00018e0a  ti_sysbios_gates_GateMutex_Module__diagsEnabled__C                 
00018e0e  ti_sysbios_gates_GateMutex_Module__diagsIncluded__C                
00018e12  ti_sysbios_gates_GateMutex_Module__diagsMask__C                    
00018e16  ti_sysbios_hal_Hwi_E_stackOverflow__C                              
00018e1a  ti_sysbios_knl_Clock_LM_begin__C                                   
00018e1e  ti_sysbios_knl_Clock_LM_tick__C                                    
00018e22  ti_sysbios_knl_Clock_LW_delayed__C                                 
00018e26  ti_sysbios_knl_Clock_Module__diagsEnabled__C                       
00018e2a  ti_sysbios_knl_Clock_Module__diagsIncluded__C                      
00018e2e  ti_sysbios_knl_Clock_Module__diagsMask__C                          
00018e32  ti_sysbios_knl_Clock_Module__loggerFxn1__C                         
00018e36  ti_sysbios_knl_Clock_Module__loggerFxn2__C                         
00018e3a  ti_sysbios_knl_Clock_Module__loggerObj__C                          
00018e3e  ti_sysbios_knl_Semaphore_A_badContext__C                           
00018e42  ti_sysbios_knl_Semaphore_A_noEvents__C                             
00018e46  ti_sysbios_knl_Semaphore_A_overflow__C                             
00018e4a  ti_sysbios_knl_Semaphore_A_pendTaskDisabled__C                     
00018e4e  ti_sysbios_knl_Semaphore_LM_pend__C                                
00018e52  ti_sysbios_knl_Semaphore_LM_post__C                                
00018e56  ti_sysbios_knl_Semaphore_Module__diagsEnabled__C                   
00018e5a  ti_sysbios_knl_Semaphore_Module__diagsIncluded__C                  
00018e5e  ti_sysbios_knl_Semaphore_Module__diagsMask__C                      
00018e62  ti_sysbios_knl_Semaphore_Module__loggerFxn2__C                     
00018e66  ti_sysbios_knl_Semaphore_Module__loggerFxn4__C                     
00018e6a  ti_sysbios_knl_Semaphore_Module__loggerObj__C                      
00018e6e  ti_sysbios_knl_Swi_LD_end__C                                       
00018e72  ti_sysbios_knl_Swi_LM_begin__C                                     
00018e76  ti_sysbios_knl_Swi_LM_post__C                                      
00018e7a  ti_sysbios_knl_Swi_Module__diagsEnabled__C                         
00018e7e  ti_sysbios_knl_Swi_Module__diagsIncluded__C                        
00018e82  ti_sysbios_knl_Swi_Module__diagsMask__C                            
00018e86  ti_sysbios_knl_Swi_Module__loggerFxn1__C                           
00018e8a  ti_sysbios_knl_Swi_Module__loggerFxn4__C                           
00018e8e  ti_sysbios_knl_Swi_Module__loggerObj__C                            
00018e92  ti_sysbios_knl_Task_E_spOutOfBounds__C                             
00018e96  ti_sysbios_knl_Task_E_stackOverflow__C                             
00018e9a  ti_sysbios_knl_Task_LD_block__C                                    
00018e9e  ti_sysbios_knl_Task_LD_exit__C                                     
00018ea2  ti_sysbios_knl_Task_LD_ready__C                                    
00018ea6  ti_sysbios_knl_Task_LM_switch__C                                   
00018eaa  ti_sysbios_knl_Task_LM_yield__C                                    
00018eae  ti_sysbios_knl_Task_Module__diagsEnabled__C                        
00018eb2  ti_sysbios_knl_Task_Module__diagsIncluded__C                       
00018eb6  ti_sysbios_knl_Task_Module__diagsMask__C                           
00018eba  ti_sysbios_knl_Task_Module__loggerFxn2__C                          
00018ebe  ti_sysbios_knl_Task_Module__loggerFxn4__C                          
00018ec2  ti_sysbios_knl_Task_Module__loggerObj__C                           
00018ec6  ti_sysbios_knl_Task_allBlockedFunc__C                              
00018eca  ti_sysbios_utils_Load_LS_cpuLoad__C                                
00018ece  ti_sysbios_utils_Load_Module__diagsEnabled__C                      
00018ed2  ti_sysbios_utils_Load_Module__diagsIncluded__C                     
00018ed6  ti_sysbios_utils_Load_Module__diagsMask__C                         
00018eda  ti_sysbios_utils_Load_Module__loggerFxn1__C                        
00018ede  ti_sysbios_utils_Load_Module__loggerObj__C                         
00018ee2  ti_sysbios_utils_Load_postUpdate__C                                
00018ee6  ti_uia_loggers_LoggerStopMode_Module__diagsEnabled__C              
00018eea  ti_uia_loggers_LoggerStopMode_Module__diagsIncluded__C             
00018eee  ti_uia_loggers_LoggerStopMode_Module__diagsMask__C                 
00018ef2  ti_uia_runtime_ILoggerSnapshot_Interface__BASE__C                  
00018ef6  ti_uia_runtime_IUIATransfer_Interface__BASE__C                     
00018efa  xdc_runtime_Assert_E_assertFailed__C                               
00018efe  xdc_runtime_Core_A_initializedParams__C                            
00018f02  xdc_runtime_Core_Module__diagsEnabled__C                           
00018f06  xdc_runtime_Core_Module__diagsIncluded__C                          
00018f0a  xdc_runtime_Core_Module__diagsMask__C                              
00018f0e  xdc_runtime_Error_E_memory__C                                      
00018f12  xdc_runtime_Error_Module__diagsEnabled__C                          
00018f16  xdc_runtime_Error_Module__diagsIncluded__C                         
00018f1a  xdc_runtime_Error_Module__diagsMask__C                             
00018f1e  xdc_runtime_Error_Module__loggerFxn8__C                            
00018f22  xdc_runtime_Error_Module__loggerObj__C                             
00018f26  xdc_runtime_Error_policyFxn__C                                     
00018f2a  xdc_runtime_Error_raiseHook__C                                     
00018f2e  xdc_runtime_HeapStd_A_align__C                                     
00018f32  xdc_runtime_HeapStd_A_invalidTotalFreeSize__C                      
00018f36  xdc_runtime_HeapStd_A_zeroSize__C                                  
00018f3a  xdc_runtime_HeapStd_E_noRTSMemory__C                               
00018f3e  xdc_runtime_HeapStd_Module__diagsEnabled__C                        
00018f42  xdc_runtime_HeapStd_Module__diagsIncluded__C                       
00018f46  xdc_runtime_HeapStd_Module__diagsMask__C                           
00018f4a  xdc_runtime_IFilterLogger_Interface__BASE__C                       
00018f4e  xdc_runtime_IGateProvider_Interface__BASE__C                       
00018f52  xdc_runtime_IHeap_Interface__BASE__C                               
00018f56  xdc_runtime_ILogger_Interface__BASE__C                             
00018f5a  xdc_runtime_IModule_Interface__BASE__C                             
00018f5e  xdc_runtime_Log_L_error__C                                         
00018f62  xdc_runtime_Log_L_info__C                                          
00018f66  xdc_runtime_Main_Module__diagsEnabled__C                           
00018f6a  xdc_runtime_Main_Module__diagsIncluded__C                          
00018f6e  xdc_runtime_Main_Module__diagsMask__C                              
00018f72  xdc_runtime_Main_Module__loggerFxn4__C                             
00018f76  xdc_runtime_Main_Module__loggerFxn8__C                             
00018f7a  xdc_runtime_Main_Module__loggerObj__C                              
00018f7e  xdc_runtime_Memory_defaultHeapInstance__C                          
00018f82  xdc_runtime_Startup_execImpl__C                                    
00018f86  xdc_runtime_Startup_sfxnRts__C                                     
00018f8a  xdc_runtime_Startup_sfxnTab__C                                     
00018f8e  xdc_runtime_SysMin_outputFunc__C                                   
00018f92  xdc_runtime_System_Module__gateObj__C                              
00018f96  xdc_runtime_System_abortFxn__C                                     
00018f9a  xdc_runtime_System_exitFxn__C                                      
00018f9e  xdc_runtime_System_extendFxn__C                                    
00018fa2  xdc_runtime_Text_charTab__C                                        
00018fa6  xdc_runtime_Text_nameEmpty__C                                      
00018faa  xdc_runtime_Text_nameStatic__C                                     
00018fae  xdc_runtime_Text_nameUnknown__C                                    
00018fb2  xdc_runtime_Text_nodeTab__C                                        
00018fb6  xdc_runtime_Text_visitRopeFxn__C                                   
00018fba  ti_sysbios_family_msp430_Hwi_Object__count__C                      
00018fbc  ti_sysbios_family_msp430_Timer_numTimerDevices__C                  
00018fbe  ti_sysbios_family_msp430_Timer_startupNeeded__C                    
00018fc0  ti_sysbios_family_msp430_TimestampProvider_Module__id__C           
00018fc2  ti_sysbios_family_msp430_TimestampProvider_useClockTimer__C        
00018fc4  ti_sysbios_gates_GateMutex_Instance_State_sem__O                   
00018fc6  ti_sysbios_gates_GateMutex_Module__id__C                           
00018fc8  ti_sysbios_hal_Hwi_Module__id__C                                   
00018fca  ti_sysbios_heaps_HeapMem_Object__count__C                          
00018fcc  ti_sysbios_knl_Clock_Module_State_clockQ__O                        
00018fce  ti_sysbios_knl_Clock_Module__id__C                                 
00018fd0  ti_sysbios_knl_Clock_Module__loggerDefined__C                      
00018fd2  ti_sysbios_knl_Semaphore_Instance_State_pendQ__O                   
00018fd4  ti_sysbios_knl_Semaphore_Module__id__C                             
00018fd6  ti_sysbios_knl_Semaphore_Module__loggerDefined__C                  
00018fd8  ti_sysbios_knl_Swi_Module__id__C                                   
00018fda  ti_sysbios_knl_Swi_Module__loggerDefined__C                        
00018fdc  ti_sysbios_knl_Swi_Object__count__C                                
00018fde  ti_sysbios_knl_Task_Module_State_inactiveQ__O                      
00018fe0  ti_sysbios_knl_Task_Module__id__C                                  
00018fe2  ti_sysbios_knl_Task_Module__loggerDefined__C                       
00018fe4  ti_sysbios_knl_Task_Object__count__C                               
00018fe6  ti_sysbios_knl_Task_initStackFlag__C                               
00018fe8  ti_sysbios_knl_Task_numConstructedTasks__C                         
00018fea  ti_sysbios_utils_Load_Module__id__C                                
00018fec  ti_sysbios_utils_Load_Module__loggerDefined__C                     
00018fee  ti_sysbios_utils_Load_updateInIdle__C                              
00018ff0  ti_sysbios_utils_Load_windowInMs__C                                
00018ff2  ti_uia_loggers_LoggerStopMode_Module__id__C                        
00018ff4  ti_uia_loggers_LoggerStopMode_Object__count__C                     
00018ff6  ti_uia_loggers_LoggerStopMode_isTimestampEnabled__C                
00018ff8  xdc_runtime_Core_Module__id__C                                     
00018ffa  xdc_runtime_Error_Module__loggerDefined__C                         
00018ffc  xdc_runtime_Error_maxDepth__C                                      
00018ffe  xdc_runtime_Error_policy__C                                        
00019000  xdc_runtime_HeapStd_Module__id__C                                  
00019002  xdc_runtime_Main_Module__id__C                                     
00019004  xdc_runtime_Main_Module__loggerDefined__C                          
00019006  xdc_runtime_Memory_Module__id__C                                   
00019008  xdc_runtime_Startup_maxPasses__C                                   
0001900a  xdc_runtime_SysMin_bufSize__C                                      
0001900c  xdc_runtime_SysMin_flushAtExit__C                                  
0001900e  xdc_runtime_System_maxAtexitHandlers__C                            
00019010  xdc_runtime_Text_charCnt__C                                        
00019012  xdc_runtime_Text_isLoaded__C                                       
00019014  xdc_runtime_Text_registryModsLastId__C                             
00019016  xdc_runtime_Text_unnamedModsLastId__C                              
00019464  __TI_Handler_Table_Base                                            
00019470  __TI_Handler_Table_Limit                                           
0001947c  __TI_CINIT_Base                                                    
00019494  __TI_CINIT_Limit                                                   
ffffffff  __binit__                                                          
ffffffff  __c_args__                                                         
ffffffff  binit                                                              
UNDEFED   __TI_INITARRAY_Base                                                
UNDEFED   __TI_INITARRAY_Limit                                               

[1441 symbols]
